	A	B	C	D
A	0.0	1.153177869227252	5.765889346136259	6.919067215363512
B	1.153177869227252	0.0	4.612711476909007	5.765889346136259
C	5.765889346136259	4.612711476909007	0.0	1.153177869227252
D	6.919067215363512	5.765889346136259	1.153177869227252	0.0
